{
    "sarscov2 - unaligned bam stub [sequali]": {
        "content": [
            [
                "versions.yml:md5,afd9522ef20d5fe27e0b6aab541c7c30"
            ]
        ],
        "meta": {
            "nf-test": "0.9.1",
            "nextflow": "24.10.0"
        },
        "timestamp": "2024-10-29T12:56:50.266586"
    },
    "sarscov2 - fastq paired-end [sequali]": {
        "content": [
            [
                "versions.yml:md5,afd9522ef20d5fe27e0b6aab541c7c30"
            ]
        ],
        "meta": {
            "nf-test": "0.9.1",
            "nextflow": "24.10.0"
        },
        "timestamp": "2024-10-29T12:55:13.71146"
    },
    "sarscov2 - fastq paired-end stub[sequali]": {
        "content": [
            [
                "versions.yml:md5,afd9522ef20d5fe27e0b6aab541c7c30"
            ]
        ],
        "meta": {
            "nf-test": "0.9.1",
            "nextflow": "24.10.0"
        },
        "timestamp": "2024-10-29T12:56:28.225926"
    },
    "sarscov2 - fastq single-end - stub[sequali]": {
        "content": [
            [
                "versions.yml:md5,afd9522ef20d5fe27e0b6aab541c7c30"
            ]
        ],
        "meta": {
            "nf-test": "0.9.1",
            "nextflow": "24.10.0"
        },
        "timestamp": "2024-10-29T12:56:05.920598"
    },
    "sarscov2 - fastq single-end [sequali]": {
        "content": [
            [
                "versions.yml:md5,afd9522ef20d5fe27e0b6aab541c7c30"
            ]
        ],
        "meta": {
            "nf-test": "0.9.1",
            "nextflow": "24.10.0"
        },
        "timestamp": "2024-10-29T12:54:09.135042"
    },
    "sarscov2 - unaligned bam [sequali]": {
        "content": [
            [
                "versions.yml:md5,afd9522ef20d5fe27e0b6aab541c7c30"
            ]
        ],
        "meta": {
            "nf-test": "0.9.1",
            "nextflow": "24.10.0"
        },
        "timestamp": "2024-10-29T12:55:43.528332"
    }
}